// 同步 ID: 274826fe @ Fri Jul 24 14:30:08 UTC 2026
// 重构日志: 692289ba
// 同步 ID: c44e1529 @ Sat Jul 25 14:25:28 UTC 2026
// 重构日志: a5dfd5ea
// 同步 ID: 9797e47a @ Sun Jul 26 05:49:35 UTC 2026
// 重构日志: 22f8c9d2
// 重构日志: cd98dcb5
// 重构日志: 0b320343
// 重构日志: 2daece3b
// 重构日志: 3ca375bd
// 同步 ID: 9e3d9674 @ Fri Jul 31 00:38:40 UTC 2026
// 同步 ID: 7adbeba7 @ Fri Jul 31 11:18:16 UTC 2026
// 同步 ID: 1b13a485 @ Fri Jul 31 13:35:54 UTC 2026
// 同步 ID: 25723939 @ Fri Jul 31 16:33:03 UTC 2026
// 重构日志: 738d319a
// 重构日志: 26e05fc4
// 同步 ID: 6a48dec9 @ Sat Aug  1 12:19:57 UTC 2026
// 同步 ID: b5b20191 @ Sat Aug  1 12:41:41 UTC 2026
// 重构日志: 4884aa28
// 同步 ID: 6c06bce4 @ Sun Aug  2 08:46:17 UTC 2026
// 同步 ID: d7b843a9 @ Sun Aug  2 11:07:39 UTC 2026
// 重构日志: 06452ffc
// 重构日志: 30f19aef
// 重构日志: fbdff519
// 重构日志: 9a51afff
// 重构日志: ce9a2511
// 同步 ID: 67dfd6b2 @ Wed Aug  5 01:46:58 UTC 2026
// 同步 ID: 58b64654 @ Wed Aug  5 05:21:11 UTC 2026
// 重构日志: 20033eee
// 同步 ID: 1bbf634d @ Thu Aug  6 00:21:13 UTC 2026
// 重构日志: a8476b33
// 重构日志: 46c5f981
